// Vitest Snapshot v1, https://vitest.dev/guide/snapshot.html

exports[`Fares > cheapestPerDay > When provided with all parameters 
	 Then should be able to retrieve data and parse it 1`] = `
{
  "outbound": {
    "fares": [
      {
        "arrivalDate": "2024-01-01T23:55:00",
        "day": "2024-01-01",
        "departureDate": "2024-01-01T22:45:00",
        "price": {
          "currencyCode": "EUR",
          "currencySymbol": "€",
          "value": 57.99,
          "valueFractionalUnit": "99",
          "valueMainUnit": "57",
        },
        "soldOut": false,
        "unavailable": false,
      },
      {
        "arrivalDate": "2024-01-02T23:30:00",
        "day": "2024-01-02",
        "departureDate": "2024-01-02T22:20:00",
        "price": {
          "currencyCode": "EUR",
          "currencySymbol": "€",
          "value": 30.19,
          "valueFractionalUnit": "19",
          "valueMainUnit": "30",
        },
        "soldOut": false,
        "unavailable": false,
      },
      {
        "arrivalDate": "2024-01-03T12:20:00",
        "day": "2024-01-03",
        "departureDate": "2024-01-03T11:10:00",
        "price": {
          "currencyCode": "EUR",
          "currencySymbol": "€",
          "value": 54.94,
          "valueFractionalUnit": "94",
          "valueMainUnit": "54",
        },
        "soldOut": false,
        "unavailable": false,
      },
      {
        "arrivalDate": "2024-01-04T23:25:00",
        "day": "2024-01-04",
        "departureDate": "2024-01-04T22:15:00",
        "price": {
          "currencyCode": "EUR",
          "currencySymbol": "€",
          "value": 41.99,
          "valueFractionalUnit": "99",
          "valueMainUnit": "41",
        },
        "soldOut": false,
        "unavailable": false,
      },
      {
        "arrivalDate": "2024-01-05T08:50:00",
        "day": "2024-01-05",
        "departureDate": "2024-01-05T07:40:00",
        "price": {
          "currencyCode": "EUR",
          "currencySymbol": "€",
          "value": 41.99,
          "valueFractionalUnit": "99",
          "valueMainUnit": "41",
        },
        "soldOut": false,
        "unavailable": false,
      },
      {
        "arrivalDate": "2024-01-06T22:05:00",
        "day": "2024-01-06",
        "departureDate": "2024-01-06T20:55:00",
        "price": {
          "currencyCode": "EUR",
          "currencySymbol": "€",
          "value": 30.99,
          "valueFractionalUnit": "99",
          "valueMainUnit": "30",
        },
        "soldOut": false,
        "unavailable": false,
      },
      {
        "arrivalDate": "2024-01-07T08:20:00",
        "day": "2024-01-07",
        "departureDate": "2024-01-07T07:10:00",
        "price": {
          "currencyCode": "EUR",
          "currencySymbol": "€",
          "value": 30.99,
          "valueFractionalUnit": "99",
          "valueMainUnit": "30",
        },
        "soldOut": false,
        "unavailable": false,
      },
      {
        "arrivalDate": "2024-01-08T23:55:00",
        "day": "2024-01-08",
        "departureDate": "2024-01-08T22:45:00",
        "price": {
          "currencyCode": "EUR",
          "currencySymbol": "€",
          "value": 30.99,
          "valueFractionalUnit": "99",
          "valueMainUnit": "30",
        },
        "soldOut": false,
        "unavailable": false,
      },
      {
        "arrivalDate": "2024-01-09T23:30:00",
        "day": "2024-01-09",
        "departureDate": "2024-01-09T22:20:00",
        "price": {
          "currencyCode": "EUR",
          "currencySymbol": "€",
          "value": 25.99,
          "valueFractionalUnit": "99",
          "valueMainUnit": "25",
        },
        "soldOut": false,
        "unavailable": false,
      },
      {
        "arrivalDate": "2024-01-10T12:20:00",
        "day": "2024-01-10",
        "departureDate": "2024-01-10T11:10:00",
        "price": {
          "currencyCode": "EUR",
          "currencySymbol": "€",
          "value": 30.99,
          "valueFractionalUnit": "99",
          "valueMainUnit": "30",
        },
        "soldOut": false,
        "unavailable": false,
      },
      {
        "arrivalDate": "2024-01-11T08:30:00",
        "day": "2024-01-11",
        "departureDate": "2024-01-11T07:20:00",
        "price": {
          "currencyCode": "EUR",
          "currencySymbol": "€",
          "value": 30.99,
          "valueFractionalUnit": "99",
          "valueMainUnit": "30",
        },
        "soldOut": false,
        "unavailable": false,
      },
      {
        "arrivalDate": "2024-01-12T23:15:00",
        "day": "2024-01-12",
        "departureDate": "2024-01-12T22:05:00",
        "price": {
          "currencyCode": "EUR",
          "currencySymbol": "€",
          "value": 30.99,
          "valueFractionalUnit": "99",
          "valueMainUnit": "30",
        },
        "soldOut": false,
        "unavailable": false,
      },
      {
        "arrivalDate": "2024-01-13T23:40:00",
        "day": "2024-01-13",
        "departureDate": "2024-01-13T22:30:00",
        "price": {
          "currencyCode": "EUR",
          "currencySymbol": "€",
          "value": 30.99,
          "valueFractionalUnit": "99",
          "valueMainUnit": "30",
        },
        "soldOut": false,
        "unavailable": false,
      },
      {
        "arrivalDate": "2024-01-14T08:20:00",
        "day": "2024-01-14",
        "departureDate": "2024-01-14T07:10:00",
        "price": {
          "currencyCode": "EUR",
          "currencySymbol": "€",
          "value": 30.99,
          "valueFractionalUnit": "99",
          "valueMainUnit": "30",
        },
        "soldOut": false,
        "unavailable": false,
      },
      {
        "arrivalDate": "2024-01-15T23:55:00",
        "day": "2024-01-15",
        "departureDate": "2024-01-15T22:45:00",
        "price": {
          "currencyCode": "EUR",
          "currencySymbol": "€",
          "value": 30.99,
          "valueFractionalUnit": "99",
          "valueMainUnit": "30",
        },
        "soldOut": false,
        "unavailable": false,
      },
      {
        "arrivalDate": "2024-01-16T23:30:00",
        "day": "2024-01-16",
        "departureDate": "2024-01-16T22:20:00",
        "price": {
          "currencyCode": "EUR",
          "currencySymbol": "€",
          "value": 25.99,
          "valueFractionalUnit": "99",
          "valueMainUnit": "25",
        },
        "soldOut": false,
        "unavailable": false,
      },
      {
        "arrivalDate": "2024-01-17T12:20:00",
        "day": "2024-01-17",
        "departureDate": "2024-01-17T11:10:00",
        "price": {
          "currencyCode": "EUR",
          "currencySymbol": "€",
          "value": 30.99,
          "valueFractionalUnit": "99",
          "valueMainUnit": "30",
        },
        "soldOut": false,
        "unavailable": false,
      },
      {
        "arrivalDate": "2024-01-18T08:30:00",
        "day": "2024-01-18",
        "departureDate": "2024-01-18T07:20:00",
        "price": {
          "currencyCode": "EUR",
          "currencySymbol": "€",
          "value": 30.99,
          "valueFractionalUnit": "99",
          "valueMainUnit": "30",
        },
        "soldOut": false,
        "unavailable": false,
      },
      {
        "arrivalDate": "2024-01-19T23:15:00",
        "day": "2024-01-19",
        "departureDate": "2024-01-19T22:05:00",
        "price": {
          "currencyCode": "EUR",
          "currencySymbol": "€",
          "value": 30.99,
          "valueFractionalUnit": "99",
          "valueMainUnit": "30",
        },
        "soldOut": false,
        "unavailable": false,
      },
      {
        "arrivalDate": "2024-01-20T22:05:00",
        "day": "2024-01-20",
        "departureDate": "2024-01-20T20:55:00",
        "price": {
          "currencyCode": "EUR",
          "currencySymbol": "€",
          "value": 30.99,
          "valueFractionalUnit": "99",
          "valueMainUnit": "30",
        },
        "soldOut": false,
        "unavailable": false,
      },
      {
        "arrivalDate": "2024-01-21T08:20:00",
        "day": "2024-01-21",
        "departureDate": "2024-01-21T07:10:00",
        "price": {
          "currencyCode": "EUR",
          "currencySymbol": "€",
          "value": 30.99,
          "valueFractionalUnit": "99",
          "valueMainUnit": "30",
        },
        "soldOut": false,
        "unavailable": false,
      },
      {
        "arrivalDate": "2024-01-22T23:55:00",
        "day": "2024-01-22",
        "departureDate": "2024-01-22T22:45:00",
        "price": {
          "currencyCode": "EUR",
          "currencySymbol": "€",
          "value": 41.99,
          "valueFractionalUnit": "99",
          "valueMainUnit": "41",
        },
        "soldOut": false,
        "unavailable": false,
      },
      {
        "arrivalDate": "2024-01-23T23:30:00",
        "day": "2024-01-23",
        "departureDate": "2024-01-23T22:20:00",
        "price": {
          "currencyCode": "EUR",
          "currencySymbol": "€",
          "value": 25.99,
          "valueFractionalUnit": "99",
          "valueMainUnit": "25",
        },
        "soldOut": false,
        "unavailable": false,
      },
      {
        "arrivalDate": "2024-01-24T12:20:00",
        "day": "2024-01-24",
        "departureDate": "2024-01-24T11:10:00",
        "price": {
          "currencyCode": "EUR",
          "currencySymbol": "€",
          "value": 30.99,
          "valueFractionalUnit": "99",
          "valueMainUnit": "30",
        },
        "soldOut": false,
        "unavailable": false,
      },
      {
        "arrivalDate": "2024-01-25T08:30:00",
        "day": "2024-01-25",
        "departureDate": "2024-01-25T07:20:00",
        "price": {
          "currencyCode": "EUR",
          "currencySymbol": "€",
          "value": 30.99,
          "valueFractionalUnit": "99",
          "valueMainUnit": "30",
        },
        "soldOut": false,
        "unavailable": false,
      },
      {
        "arrivalDate": "2024-01-26T12:00:00",
        "day": "2024-01-26",
        "departureDate": "2024-01-26T10:55:00",
        "price": {
          "currencyCode": "EUR",
          "currencySymbol": "€",
          "value": 41.99,
          "valueFractionalUnit": "99",
          "valueMainUnit": "41",
        },
        "soldOut": false,
        "unavailable": false,
      },
      {
        "arrivalDate": "2024-01-27T23:40:00",
        "day": "2024-01-27",
        "departureDate": "2024-01-27T22:30:00",
        "price": {
          "currencyCode": "EUR",
          "currencySymbol": "€",
          "value": 41.99,
          "valueFractionalUnit": "99",
          "valueMainUnit": "41",
        },
        "soldOut": false,
        "unavailable": false,
      },
      {
        "arrivalDate": "2024-01-28T23:50:00",
        "day": "2024-01-28",
        "departureDate": "2024-01-28T22:40:00",
        "price": {
          "currencyCode": "EUR",
          "currencySymbol": "€",
          "value": 41.99,
          "valueFractionalUnit": "99",
          "valueMainUnit": "41",
        },
        "soldOut": false,
        "unavailable": false,
      },
      {
        "arrivalDate": "2024-01-29T23:55:00",
        "day": "2024-01-29",
        "departureDate": "2024-01-29T22:45:00",
        "price": {
          "currencyCode": "EUR",
          "currencySymbol": "€",
          "value": 41.99,
          "valueFractionalUnit": "99",
          "valueMainUnit": "41",
        },
        "soldOut": false,
        "unavailable": false,
      },
      {
        "arrivalDate": "2024-01-30T23:30:00",
        "day": "2024-01-30",
        "departureDate": "2024-01-30T22:20:00",
        "price": {
          "currencyCode": "EUR",
          "currencySymbol": "€",
          "value": 25.99,
          "valueFractionalUnit": "99",
          "valueMainUnit": "25",
        },
        "soldOut": false,
        "unavailable": false,
      },
      {
        "arrivalDate": "2024-01-31T12:20:00",
        "day": "2024-01-31",
        "departureDate": "2024-01-31T11:10:00",
        "price": {
          "currencyCode": "EUR",
          "currencySymbol": "€",
          "value": 30.99,
          "valueFractionalUnit": "99",
          "valueMainUnit": "30",
        },
        "soldOut": false,
        "unavailable": false,
      },
    ],
    "maxFare": {
      "arrivalDate": "2024-01-01T23:55:00",
      "day": "2024-01-01",
      "departureDate": "2024-01-01T22:45:00",
      "price": {
        "currencyCode": "EUR",
        "currencySymbol": "€",
        "value": 57.99,
        "valueFractionalUnit": "99",
        "valueMainUnit": "57",
      },
      "soldOut": false,
      "unavailable": false,
    },
    "minFare": {
      "arrivalDate": "2024-01-09T23:30:00",
      "day": "2024-01-09",
      "departureDate": "2024-01-09T22:20:00",
      "price": {
        "currencyCode": "EUR",
        "currencySymbol": "€",
        "value": 25.99,
        "valueFractionalUnit": "99",
        "valueMainUnit": "25",
      },
      "soldOut": false,
      "unavailable": false,
    },
  },
}
`;
